[INFO] Scanning for projects...
[INFO] 
[INFO] -----------------------< com.example:StudentMS >------------------------
[INFO] Building StudentMS 0.0.1-SNAPSHOT
[INFO]   from pom.xml
[INFO] --------------------------------[ jar ]---------------------------------
[INFO] 
[INFO] >>> spring-boot:4.0.2:run (default-cli) > test-compile @ StudentMS >>>
[INFO] 
[INFO] --- resources:3.3.1:resources (default-resources) @ StudentMS ---
[INFO] Copying 1 resource from src\main\resources to target\classes
[INFO] Copying 9 resources from src\main\resources to target\classes
[INFO] 
[INFO] --- compiler:3.14.1:compile (default-compile) @ StudentMS ---
[INFO] Nothing to compile - all classes are up to date.
[INFO] 
[INFO] --- resources:3.3.1:testResources (default-testResources) @ StudentMS ---
[INFO] skip non existing resourceDirectory E:\3-2\SWE\lab\StudentMS\src\test\resources
[INFO] 
[INFO] --- compiler:3.14.1:testCompile (default-testCompile) @ StudentMS ---
[INFO] Nothing to compile - all classes are up to date.
[INFO] 
[INFO] <<< spring-boot:4.0.2:run (default-cli) < test-compile @ StudentMS <<<
[INFO] 
[INFO] 
[INFO] --- spring-boot:4.0.2:run (default-cli) @ StudentMS ---
[INFO] Attaching agents: []

  .   ____          _            __ _ _
 /\\ / ___'_ __ _ _(_)_ __  __ _ \ \ \ \
( ( )\___ | '_ | '_| | '_ \/ _` | \ \ \ \
 \\/  ___)| |_)| | | | | || (_| |  ) ) ) )
  '  |____| .__|_| |_|_| |_\__, | / / / /
 =========|_|==============|___/=/_/_/_/

 :: Spring Boot ::                (v4.0.2)

2026-01-24T23:50:25.691+06:00  INFO 14704 --- [StudentMS] [  restartedMain] c.e.StudentMS.StudentMsApplication       : Starting StudentMsApplication using Java 21.0.4 with PID 14704 (E:\3-2\SWE\lab\StudentMS\target\classes started by USER in E:\3-2\SWE\lab\StudentMS)
2026-01-24T23:50:25.692+06:00  INFO 14704 --- [StudentMS] [  restartedMain] c.e.StudentMS.StudentMsApplication       : No active profile set, falling back to 1 default profile: "default"
2026-01-24T23:50:25.733+06:00  INFO 14704 --- [StudentMS] [  restartedMain] .e.DevToolsPropertyDefaultsPostProcessor : Devtools property defaults active! Set 'spring.devtools.add-properties' to 'false' to disable
2026-01-24T23:50:25.733+06:00  INFO 14704 --- [StudentMS] [  restartedMain] .e.DevToolsPropertyDefaultsPostProcessor : For additional web related logging consider setting the 'logging.level.web' property to 'DEBUG'
2026-01-24T23:50:25.751+06:00  INFO 14704 --- [StudentMS] [  restartedMain] .s.b.d.c.l.DockerComposeLifecycleManager : Using Docker Compose file E:\3-2\SWE\lab\StudentMS\compose.yaml
2026-01-24T23:50:26.391+06:00  INFO 14704 --- [StudentMS] [  restartedMain] .s.b.d.c.l.DockerComposeLifecycleManager : There are already Docker Compose services running, skipping startup
2026-01-24T23:50:26.983+06:00  INFO 14704 --- [StudentMS] [  restartedMain] .s.d.r.c.RepositoryConfigurationDelegate : Bootstrapping Spring Data JPA repositories in DEFAULT mode.
2026-01-24T23:50:27.030+06:00  INFO 14704 --- [StudentMS] [  restartedMain] .s.d.r.c.RepositoryConfigurationDelegate : Finished Spring Data repository scanning in 44 ms. Found 5 JPA repository interfaces.
2026-01-24T23:50:27.580+06:00  INFO 14704 --- [StudentMS] [  restartedMain] o.s.boot.tomcat.TomcatWebServer          : Tomcat initialized with port 9090 (http)
2026-01-24T23:50:27.594+06:00  INFO 14704 --- [StudentMS] [  restartedMain] o.apache.catalina.core.StandardService   : Starting service [Tomcat]
2026-01-24T23:50:27.594+06:00  INFO 14704 --- [StudentMS] [  restartedMain] o.apache.catalina.core.StandardEngine    : Starting Servlet engine: [Apache Tomcat/11.0.15]
2026-01-24T23:50:27.632+06:00  INFO 14704 --- [StudentMS] [  restartedMain] b.w.c.s.WebApplicationContextInitializer : Root WebApplicationContext: initialization completed in 1235 ms
2026-01-24T23:50:28.011+06:00  INFO 14704 --- [StudentMS] [  restartedMain] liquibase.database                       : Set default schema name to public
2026-01-24T23:50:28.331+06:00  INFO 14704 --- [StudentMS] [  restartedMain] liquibase.changelog                      : Reading from public.databasechangelog
2026-01-24T23:50:28.442+06:00  INFO 14704 --- [StudentMS] [  restartedMain] liquibase.ui                             : Database is up to date, no changesets to execute
2026-01-24T23:50:28.445+06:00  INFO 14704 --- [StudentMS] [  restartedMain] liquibase.changelog                      : Reading from public.databasechangelog
2026-01-24T23:50:28.453+06:00  INFO 14704 --- [StudentMS] [  restartedMain] liquibase.util                           : UPDATE SUMMARY
2026-01-24T23:50:28.453+06:00  INFO 14704 --- [StudentMS] [  restartedMain] liquibase.util                           : Run:                          0
2026-01-24T23:50:28.453+06:00  INFO 14704 --- [StudentMS] [  restartedMain] liquibase.util                           : Previously run:               8
2026-01-24T23:50:28.453+06:00  INFO 14704 --- [StudentMS] [  restartedMain] liquibase.util                           : Filtered out:                 0
2026-01-24T23:50:28.453+06:00  INFO 14704 --- [StudentMS] [  restartedMain] liquibase.util                           : -------------------------------
2026-01-24T23:50:28.454+06:00  INFO 14704 --- [StudentMS] [  restartedMain] liquibase.util                           : Total change sets:            8
2026-01-24T23:50:28.454+06:00  INFO 14704 --- [StudentMS] [  restartedMain] liquibase.util                           : Update summary generated
2026-01-24T23:50:28.456+06:00  INFO 14704 --- [StudentMS] [  restartedMain] liquibase.command                        : Command execution complete
2026-01-24T23:50:29.762+06:00  INFO 14704 --- [StudentMS] [  restartedMain] org.hibernate.orm.jpa                    : HHH008540: Processing PersistenceUnitInfo [name: default]
2026-01-24T23:50:29.799+06:00  INFO 14704 --- [StudentMS] [  restartedMain] org.hibernate.orm.core                   : HHH000001: Hibernate ORM core version 7.2.1.Final
2026-01-24T23:50:30.164+06:00  INFO 14704 --- [StudentMS] [  restartedMain] o.s.o.j.p.SpringPersistenceUnitInfo      : No LoadTimeWeaver setup: ignoring JPA class transformer
2026-01-24T23:50:30.194+06:00  INFO 14704 --- [StudentMS] [  restartedMain] com.zaxxer.hikari.HikariDataSource       : HikariPool-1 - Starting...
2026-01-24T23:50:30.227+06:00  INFO 14704 --- [StudentMS] [  restartedMain] com.zaxxer.hikari.pool.HikariPool        : HikariPool-1 - Added connection org.postgresql.jdbc.PgConnection@4d71498a
2026-01-24T23:50:30.228+06:00  INFO 14704 --- [StudentMS] [  restartedMain] com.zaxxer.hikari.HikariDataSource       : HikariPool-1 - Start completed.
2026-01-24T23:50:30.245+06:00  WARN 14704 --- [StudentMS] [  restartedMain] org.hibernate.orm.deprecation            : HHH90000025: PostgreSQLDialect does not need to be specified explicitly using 'hibernate.dialect' (remove the property setting and it will be selected by default)
2026-01-24T23:50:30.269+06:00  INFO 14704 --- [StudentMS] [  restartedMain] org.hibernate.orm.connections.pooling    : HHH10001005: Database info:
	Database JDBC URL [jdbc:postgresql://127.0.0.1:5432/studentms?ApplicationName=StudentMS]
	Database driver: PostgreSQL JDBC Driver
	Database dialect: PostgreSQLDialect
	Database version: 16.11
	Default catalog/schema: studentms/public
	Autocommit mode: undefined/unknown
	Isolation level: READ_COMMITTED [default READ_COMMITTED]
	JDBC fetch size: none
	Pool: DataSourceConnectionProvider
	Minimum pool size: undefined/unknown
	Maximum pool size: undefined/unknown
2026-01-24T23:50:31.168+06:00  INFO 14704 --- [StudentMS] [  restartedMain] org.hibernate.orm.core                   : HHH000489: No JTA platform available (set 'hibernate.transaction.jta.platform' to enable JTA platform integration)
2026-01-24T23:50:31.174+06:00  INFO 14704 --- [StudentMS] [  restartedMain] j.LocalContainerEntityManagerFactoryBean : Initialized JPA EntityManagerFactory for persistence unit 'default'
2026-01-24T23:50:31.241+06:00  INFO 14704 --- [StudentMS] [  restartedMain] o.s.d.j.r.query.QueryEnhancerFactories   : Hibernate is in classpath; If applicable, HQL parser will be used.
2026-01-24T23:50:31.584+06:00  INFO 14704 --- [StudentMS] [  restartedMain] r$InitializeUserDetailsManagerConfigurer : Global AuthenticationManager configured with UserDetailsService bean with name customUserDetailsService
2026-01-24T23:50:31.634+06:00  WARN 14704 --- [StudentMS] [  restartedMain] JpaBaseConfiguration$JpaWebConfiguration : spring.jpa.open-in-view is enabled by default. Therefore, database queries may be performed during view rendering. Explicitly configure spring.jpa.open-in-view to disable this warning
2026-01-24T23:50:32.025+06:00  WARN 14704 --- [StudentMS] [  restartedMain] ion$DefaultTemplateResolverConfiguration : Cannot find template location: classpath:/templates/ (please add some templates, check your Thymeleaf configuration, or set spring.thymeleaf.check-template-location=false)
2026-01-24T23:50:32.159+06:00  INFO 14704 --- [StudentMS] [  restartedMain] o.s.boot.tomcat.TomcatWebServer          : Tomcat started on port 9090 (http) with context path '/'
2026-01-24T23:50:32.165+06:00  INFO 14704 --- [StudentMS] [  restartedMain] c.e.StudentMS.StudentMsApplication       : Started StudentMsApplication in 6.85 seconds (process running for 7.283)
2026-01-24T23:52:20.426+06:00  INFO 14704 --- [StudentMS] [   File Watcher] rtingClassPathChangeChangedEventListener : Restarting due to 1 class path change (0 additions, 0 deletions, 1 modification)
2026-01-24T23:52:20.431+06:00  INFO 14704 --- [StudentMS] [       Thread-1] o.s.boot.tomcat.GracefulShutdown         : Commencing graceful shutdown. Waiting for active requests to complete
2026-01-24T23:52:20.450+06:00  INFO 14704 --- [StudentMS] [tomcat-shutdown] o.s.boot.tomcat.GracefulShutdown         : Graceful shutdown complete
2026-01-24T23:52:20.454+06:00  INFO 14704 --- [StudentMS] [       Thread-1] j.LocalContainerEntityManagerFactoryBean : Closing JPA EntityManagerFactory for persistence unit 'default'
2026-01-24T23:52:20.457+06:00  INFO 14704 --- [StudentMS] [       Thread-1] com.zaxxer.hikari.HikariDataSource       : HikariPool-1 - Shutdown initiated...
2026-01-24T23:52:20.462+06:00  INFO 14704 --- [StudentMS] [       Thread-1] com.zaxxer.hikari.HikariDataSource       : HikariPool-1 - Shutdown completed.

  .   ____          _            __ _ _
 /\\ / ___'_ __ _ _(_)_ __  __ _ \ \ \ \
( ( )\___ | '_ | '_| | '_ \/ _` | \ \ \ \
 \\/  ___)| |_)| | | | | || (_| |  ) ) ) )
  '  |____| .__|_| |_|_| |_\__, | / / / /
 =========|_|==============|___/=/_/_/_/

 :: Spring Boot ::                (v4.0.2)

2026-01-24T23:52:20.543+06:00  INFO 14704 --- [StudentMS] [  restartedMain] c.e.StudentMS.StudentMsApplication       : Starting StudentMsApplication using Java 21.0.4 with PID 14704 (E:\3-2\SWE\lab\StudentMS\target\classes started by USER in E:\3-2\SWE\lab\StudentMS)
2026-01-24T23:52:20.543+06:00  INFO 14704 --- [StudentMS] [  restartedMain] c.e.StudentMS.StudentMsApplication       : No active profile set, falling back to 1 default profile: "default"
2026-01-24T23:52:20.543+06:00  INFO 14704 --- [StudentMS] [  restartedMain] .s.b.d.c.l.DockerComposeLifecycleManager : Using Docker Compose file E:\3-2\SWE\lab\StudentMS\compose.yaml
2026-01-24T23:52:21.007+06:00  INFO 14704 --- [StudentMS] [  restartedMain] .s.b.d.c.l.DockerComposeLifecycleManager : There are already Docker Compose services running, skipping startup
2026-01-24T23:52:21.188+06:00  INFO 14704 --- [StudentMS] [  restartedMain] .s.d.r.c.RepositoryConfigurationDelegate : Bootstrapping Spring Data JPA repositories in DEFAULT mode.
2026-01-24T23:52:21.205+06:00  INFO 14704 --- [StudentMS] [  restartedMain] .s.d.r.c.RepositoryConfigurationDelegate : Finished Spring Data repository scanning in 15 ms. Found 5 JPA repository interfaces.
2026-01-24T23:52:21.308+06:00  INFO 14704 --- [StudentMS] [  restartedMain] o.s.boot.tomcat.TomcatWebServer          : Tomcat initialized with port 9090 (http)
2026-01-24T23:52:21.308+06:00  INFO 14704 --- [StudentMS] [  restartedMain] o.apache.catalina.core.StandardService   : Starting service [Tomcat]
2026-01-24T23:52:21.308+06:00  INFO 14704 --- [StudentMS] [  restartedMain] o.apache.catalina.core.StandardEngine    : Starting Servlet engine: [Apache Tomcat/11.0.15]
2026-01-24T23:52:21.328+06:00  INFO 14704 --- [StudentMS] [  restartedMain] b.w.c.s.WebApplicationContextInitializer : Root WebApplicationContext: initialization completed in 320 ms
2026-01-24T23:52:21.470+06:00  INFO 14704 --- [StudentMS] [  restartedMain] liquibase.database                       : Set default schema name to public
2026-01-24T23:52:21.741+06:00  INFO 14704 --- [StudentMS] [  restartedMain] liquibase.changelog                      : Reading from public.databasechangelog
2026-01-24T23:52:21.810+06:00  INFO 14704 --- [StudentMS] [  restartedMain] liquibase.ui                             : Database is up to date, no changesets to execute
2026-01-24T23:52:21.813+06:00  INFO 14704 --- [StudentMS] [  restartedMain] liquibase.changelog                      : Reading from public.databasechangelog
2026-01-24T23:52:21.820+06:00  INFO 14704 --- [StudentMS] [  restartedMain] liquibase.util                           : UPDATE SUMMARY
2026-01-24T23:52:21.820+06:00  INFO 14704 --- [StudentMS] [  restartedMain] liquibase.util                           : Run:                          0
2026-01-24T23:52:21.820+06:00  INFO 14704 --- [StudentMS] [  restartedMain] liquibase.util                           : Previously run:               8
2026-01-24T23:52:21.820+06:00  INFO 14704 --- [StudentMS] [  restartedMain] liquibase.util                           : Filtered out:                 0
2026-01-24T23:52:21.820+06:00  INFO 14704 --- [StudentMS] [  restartedMain] liquibase.util                           : -------------------------------
2026-01-24T23:52:21.820+06:00  INFO 14704 --- [StudentMS] [  restartedMain] liquibase.util                           : Total change sets:            8
2026-01-24T23:52:21.821+06:00  INFO 14704 --- [StudentMS] [  restartedMain] liquibase.util                           : Update summary generated
2026-01-24T23:52:21.821+06:00  INFO 14704 --- [StudentMS] [  restartedMain] liquibase.command                        : Command execution complete
2026-01-24T23:52:21.855+06:00  INFO 14704 --- [StudentMS] [  restartedMain] org.hibernate.orm.jpa                    : HHH008540: Processing PersistenceUnitInfo [name: default]
2026-01-24T23:52:21.897+06:00  INFO 14704 --- [StudentMS] [  restartedMain] o.s.o.j.p.SpringPersistenceUnitInfo      : No LoadTimeWeaver setup: ignoring JPA class transformer
2026-01-24T23:52:21.897+06:00  INFO 14704 --- [StudentMS] [  restartedMain] com.zaxxer.hikari.HikariDataSource       : HikariPool-2 - Starting...
2026-01-24T23:52:21.930+06:00  INFO 14704 --- [StudentMS] [  restartedMain] com.zaxxer.hikari.pool.HikariPool        : HikariPool-2 - Added connection org.postgresql.jdbc.PgConnection@3cfcd143
2026-01-24T23:52:21.930+06:00  INFO 14704 --- [StudentMS] [  restartedMain] com.zaxxer.hikari.HikariDataSource       : HikariPool-2 - Start completed.
2026-01-24T23:52:21.935+06:00  WARN 14704 --- [StudentMS] [  restartedMain] org.hibernate.orm.deprecation            : HHH90000025: PostgreSQLDialect does not need to be specified explicitly using 'hibernate.dialect' (remove the property setting and it will be selected by default)
2026-01-24T23:52:21.942+06:00  INFO 14704 --- [StudentMS] [  restartedMain] org.hibernate.orm.connections.pooling    : HHH10001005: Database info:
	Database JDBC URL [jdbc:postgresql://127.0.0.1:5432/studentms?ApplicationName=StudentMS]
	Database driver: PostgreSQL JDBC Driver
	Database dialect: PostgreSQLDialect
	Database version: 16.11
	Default catalog/schema: studentms/public
	Autocommit mode: undefined/unknown
	Isolation level: READ_COMMITTED [default READ_COMMITTED]
	JDBC fetch size: none
	Pool: DataSourceConnectionProvider
	Minimum pool size: undefined/unknown
	Maximum pool size: undefined/unknown
2026-01-24T23:52:22.066+06:00  INFO 14704 --- [StudentMS] [  restartedMain] org.hibernate.orm.core                   : HHH000489: No JTA platform available (set 'hibernate.transaction.jta.platform' to enable JTA platform integration)
2026-01-24T23:52:22.069+06:00  INFO 14704 --- [StudentMS] [  restartedMain] j.LocalContainerEntityManagerFactoryBean : Initialized JPA EntityManagerFactory for persistence unit 'default'
2026-01-24T23:52:22.358+06:00  INFO 14704 --- [StudentMS] [  restartedMain] r$InitializeUserDetailsManagerConfigurer : Global AuthenticationManager configured with UserDetailsService bean with name customUserDetailsService
2026-01-24T23:52:22.415+06:00  WARN 14704 --- [StudentMS] [  restartedMain] JpaBaseConfiguration$JpaWebConfiguration : spring.jpa.open-in-view is enabled by default. Therefore, database queries may be performed during view rendering. Explicitly configure spring.jpa.open-in-view to disable this warning
2026-01-24T23:52:22.739+06:00  WARN 14704 --- [StudentMS] [  restartedMain] ion$DefaultTemplateResolverConfiguration : Cannot find template location: classpath:/templates/ (please add some templates, check your Thymeleaf configuration, or set spring.thymeleaf.check-template-location=false)
2026-01-24T23:52:22.826+06:00  INFO 14704 --- [StudentMS] [  restartedMain] o.s.boot.tomcat.TomcatWebServer          : Tomcat started on port 9090 (http) with context path '/'
2026-01-24T23:52:22.829+06:00  INFO 14704 --- [StudentMS] [  restartedMain] c.e.StudentMS.StudentMsApplication       : Started StudentMsApplication in 2.306 seconds (process running for 117.946)
2026-01-24T23:52:22.831+06:00  INFO 14704 --- [StudentMS] [  restartedMain] .ConditionEvaluationDeltaLoggingListener : Condition evaluation unchanged
2026-01-24T23:52:24.632+06:00  INFO 14704 --- [StudentMS] [   File Watcher] rtingClassPathChangeChangedEventListener : Restarting due to 51 class path changes (0 additions, 0 deletions, 51 modifications)
2026-01-24T23:52:24.634+06:00  INFO 14704 --- [StudentMS] [      Thread-17] o.s.boot.tomcat.GracefulShutdown         : Commencing graceful shutdown. Waiting for active requests to complete
2026-01-24T23:52:24.655+06:00  INFO 14704 --- [StudentMS] [tomcat-shutdown] o.s.boot.tomcat.GracefulShutdown         : Graceful shutdown complete
2026-01-24T23:52:24.655+06:00  INFO 14704 --- [StudentMS] [      Thread-17] j.LocalContainerEntityManagerFactoryBean : Closing JPA EntityManagerFactory for persistence unit 'default'
2026-01-24T23:52:24.659+06:00  INFO 14704 --- [StudentMS] [      Thread-17] com.zaxxer.hikari.HikariDataSource       : HikariPool-2 - Shutdown initiated...
2026-01-24T23:52:24.664+06:00  INFO 14704 --- [StudentMS] [      Thread-17] com.zaxxer.hikari.HikariDataSource       : HikariPool-2 - Shutdown completed.

  .   ____          _            __ _ _
 /\\ / ___'_ __ _ _(_)_ __  __ _ \ \ \ \
( ( )\___ | '_ | '_| | '_ \/ _` | \ \ \ \
 \\/  ___)| |_)| | | | | || (_| |  ) ) ) )
  '  |____| .__|_| |_|_| |_\__, | / / / /
 =========|_|==============|___/=/_/_/_/

 :: Spring Boot ::                (v4.0.2)

2026-01-24T23:52:24.753+06:00  INFO 14704 --- [StudentMS] [  restartedMain] c.e.StudentMS.StudentMsApplication       : Starting StudentMsApplication using Java 21.0.4 with PID 14704 (E:\3-2\SWE\lab\StudentMS\target\classes started by USER in E:\3-2\SWE\lab\StudentMS)
2026-01-24T23:52:24.753+06:00  INFO 14704 --- [StudentMS] [  restartedMain] c.e.StudentMS.StudentMsApplication       : No active profile set, falling back to 1 default profile: "default"
2026-01-24T23:52:24.758+06:00  INFO 14704 --- [StudentMS] [  restartedMain] .s.b.d.c.l.DockerComposeLifecycleManager : Using Docker Compose file E:\3-2\SWE\lab\StudentMS\compose.yaml
2026-01-24T23:52:25.275+06:00  INFO 14704 --- [StudentMS] [  restartedMain] .s.b.d.c.l.DockerComposeLifecycleManager : There are already Docker Compose services running, skipping startup
2026-01-24T23:52:25.460+06:00  INFO 14704 --- [StudentMS] [  restartedMain] .s.d.r.c.RepositoryConfigurationDelegate : Bootstrapping Spring Data JPA repositories in DEFAULT mode.
2026-01-24T23:52:25.474+06:00  INFO 14704 --- [StudentMS] [  restartedMain] .s.d.r.c.RepositoryConfigurationDelegate : Finished Spring Data repository scanning in 16 ms. Found 5 JPA repository interfaces.
2026-01-24T23:52:25.590+06:00  INFO 14704 --- [StudentMS] [  restartedMain] o.s.boot.tomcat.TomcatWebServer          : Tomcat initialized with port 9090 (http)
2026-01-24T23:52:25.590+06:00  INFO 14704 --- [StudentMS] [  restartedMain] o.apache.catalina.core.StandardService   : Starting service [Tomcat]
2026-01-24T23:52:25.590+06:00  INFO 14704 --- [StudentMS] [  restartedMain] o.apache.catalina.core.StandardEngine    : Starting Servlet engine: [Apache Tomcat/11.0.15]
2026-01-24T23:52:25.611+06:00  INFO 14704 --- [StudentMS] [  restartedMain] b.w.c.s.WebApplicationContextInitializer : Root WebApplicationContext: initialization completed in 336 ms
2026-01-24T23:52:25.678+06:00  INFO 14704 --- [StudentMS] [  restartedMain] liquibase.database                       : Set default schema name to public
2026-01-24T23:52:25.803+06:00  INFO 14704 --- [StudentMS] [  restartedMain] liquibase.changelog                      : Reading from public.databasechangelog
2026-01-24T23:52:25.857+06:00  INFO 14704 --- [StudentMS] [  restartedMain] liquibase.ui                             : Database is up to date, no changesets to execute
2026-01-24T23:52:25.860+06:00  INFO 14704 --- [StudentMS] [  restartedMain] liquibase.changelog                      : Reading from public.databasechangelog
2026-01-24T23:52:25.866+06:00  INFO 14704 --- [StudentMS] [  restartedMain] liquibase.util                           : UPDATE SUMMARY
2026-01-24T23:52:25.866+06:00  INFO 14704 --- [StudentMS] [  restartedMain] liquibase.util                           : Run:                          0
2026-01-24T23:52:25.866+06:00  INFO 14704 --- [StudentMS] [  restartedMain] liquibase.util                           : Previously run:               8
2026-01-24T23:52:25.866+06:00  INFO 14704 --- [StudentMS] [  restartedMain] liquibase.util                           : Filtered out:                 0
2026-01-24T23:52:25.866+06:00  INFO 14704 --- [StudentMS] [  restartedMain] liquibase.util                           : -------------------------------
2026-01-24T23:52:25.866+06:00  INFO 14704 --- [StudentMS] [  restartedMain] liquibase.util                           : Total change sets:            8
2026-01-24T23:52:25.866+06:00  INFO 14704 --- [StudentMS] [  restartedMain] liquibase.util                           : Update summary generated
2026-01-24T23:52:25.867+06:00  INFO 14704 --- [StudentMS] [  restartedMain] liquibase.command                        : Command execution complete
2026-01-24T23:52:25.895+06:00  INFO 14704 --- [StudentMS] [  restartedMain] org.hibernate.orm.jpa                    : HHH008540: Processing PersistenceUnitInfo [name: default]
2026-01-24T23:52:25.921+06:00  INFO 14704 --- [StudentMS] [  restartedMain] o.s.o.j.p.SpringPersistenceUnitInfo      : No LoadTimeWeaver setup: ignoring JPA class transformer
2026-01-24T23:52:25.921+06:00  INFO 14704 --- [StudentMS] [  restartedMain] com.zaxxer.hikari.HikariDataSource       : HikariPool-3 - Starting...
2026-01-24T23:52:25.950+06:00  INFO 14704 --- [StudentMS] [  restartedMain] com.zaxxer.hikari.pool.HikariPool        : HikariPool-3 - Added connection org.postgresql.jdbc.PgConnection@4feec04d
2026-01-24T23:52:25.951+06:00  INFO 14704 --- [StudentMS] [  restartedMain] com.zaxxer.hikari.HikariDataSource       : HikariPool-3 - Start completed.
2026-01-24T23:52:25.954+06:00  WARN 14704 --- [StudentMS] [  restartedMain] org.hibernate.orm.deprecation            : HHH90000025: PostgreSQLDialect does not need to be specified explicitly using 'hibernate.dialect' (remove the property setting and it will be selected by default)
2026-01-24T23:52:25.960+06:00  INFO 14704 --- [StudentMS] [  restartedMain] org.hibernate.orm.connections.pooling    : HHH10001005: Database info:
	Database JDBC URL [jdbc:postgresql://127.0.0.1:5432/studentms?ApplicationName=StudentMS]
	Database driver: PostgreSQL JDBC Driver
	Database dialect: PostgreSQLDialect
	Database version: 16.11
	Default catalog/schema: studentms/public
	Autocommit mode: undefined/unknown
	Isolation level: READ_COMMITTED [default READ_COMMITTED]
	JDBC fetch size: none
	Pool: DataSourceConnectionProvider
	Minimum pool size: undefined/unknown
	Maximum pool size: undefined/unknown
2026-01-24T23:52:26.051+06:00  INFO 14704 --- [StudentMS] [  restartedMain] org.hibernate.orm.core                   : HHH000489: No JTA platform available (set 'hibernate.transaction.jta.platform' to enable JTA platform integration)
2026-01-24T23:52:26.051+06:00  INFO 14704 --- [StudentMS] [  restartedMain] j.LocalContainerEntityManagerFactoryBean : Initialized JPA EntityManagerFactory for persistence unit 'default'
2026-01-24T23:52:26.324+06:00  INFO 14704 --- [StudentMS] [  restartedMain] r$InitializeUserDetailsManagerConfigurer : Global AuthenticationManager configured with UserDetailsService bean with name customUserDetailsService
2026-01-24T23:52:26.358+06:00  WARN 14704 --- [StudentMS] [  restartedMain] JpaBaseConfiguration$JpaWebConfiguration : spring.jpa.open-in-view is enabled by default. Therefore, database queries may be performed during view rendering. Explicitly configure spring.jpa.open-in-view to disable this warning
2026-01-24T23:52:26.607+06:00  WARN 14704 --- [StudentMS] [  restartedMain] ion$DefaultTemplateResolverConfiguration : Cannot find template location: classpath:/templates/ (please add some templates, check your Thymeleaf configuration, or set spring.thymeleaf.check-template-location=false)
2026-01-24T23:52:26.681+06:00  INFO 14704 --- [StudentMS] [  restartedMain] o.s.boot.tomcat.TomcatWebServer          : Tomcat started on port 9090 (http) with context path '/'
2026-01-24T23:52:26.682+06:00  INFO 14704 --- [StudentMS] [  restartedMain] c.e.StudentMS.StudentMsApplication       : Started StudentMsApplication in 1.956 seconds (process running for 121.799)
2026-01-24T23:52:26.684+06:00  INFO 14704 --- [StudentMS] [  restartedMain] .ConditionEvaluationDeltaLoggingListener : Condition evaluation unchanged
^C