[INFO] Scanning for projects...
[INFO] 
[INFO] -----------------------< com.example:StudentMS >------------------------
[INFO] Building StudentMS 0.0.1-SNAPSHOT
[INFO]   from pom.xml
[INFO] --------------------------------[ jar ]---------------------------------
[INFO] 
[INFO] >>> spring-boot:4.0.2:run (default-cli) > test-compile @ StudentMS >>>
[INFO] 
[INFO] --- resources:3.3.1:resources (default-resources) @ StudentMS ---
[INFO] Copying 1 resource from src\main\resources to target\classes
[INFO] Copying 9 resources from src\main\resources to target\classes
[INFO] 
[INFO] --- compiler:3.14.1:compile (default-compile) @ StudentMS ---
[INFO] Nothing to compile - all classes are up to date.
[INFO] 
[INFO] --- resources:3.3.1:testResources (default-testResources) @ StudentMS ---
[INFO] skip non existing resourceDirectory E:\3-2\SWE\lab\StudentMS\src\test\resources
[INFO] 
[INFO] --- compiler:3.14.1:testCompile (default-testCompile) @ StudentMS ---
[INFO] Nothing to compile - all classes are up to date.
[INFO] 
[INFO] <<< spring-boot:4.0.2:run (default-cli) < test-compile @ StudentMS <<<
[INFO] 
[INFO] 
[INFO] --- spring-boot:4.0.2:run (default-cli) @ StudentMS ---
[INFO] Attaching agents: []

  .   ____          _            __ _ _
 /\\ / ___'_ __ _ _(_)_ __  __ _ \ \ \ \
( ( )\___ | '_ | '_| | '_ \/ _` | \ \ \ \
 \\/  ___)| |_)| | | | | || (_| |  ) ) ) )
  '  |____| .__|_| |_|_| |_\__, | / / / /
 =========|_|==============|___/=/_/_/_/

 :: Spring Boot ::                (v4.0.2)

2026-01-24T23:49:35.003+06:00  INFO 8236 --- [StudentMS] [  restartedMain] c.e.StudentMS.StudentMsApplication       : Starting StudentMsApplication using Java 21.0.4 with PID 8236 (E:\3-2\SWE\lab\StudentMS\target\classes started by USER in E:\3-2\SWE\lab\StudentMS)
2026-01-24T23:49:35.007+06:00  INFO 8236 --- [StudentMS] [  restartedMain] c.e.StudentMS.StudentMsApplication       : No active profile set, falling back to 1 default profile: "default"
2026-01-24T23:49:35.052+06:00  INFO 8236 --- [StudentMS] [  restartedMain] .e.DevToolsPropertyDefaultsPostProcessor : Devtools property defaults active! Set 'spring.devtools.add-properties' to 'false' to disable
2026-01-24T23:49:35.052+06:00  INFO 8236 --- [StudentMS] [  restartedMain] .e.DevToolsPropertyDefaultsPostProcessor : For additional web related logging consider setting the 'logging.level.web' property to 'DEBUG'
2026-01-24T23:49:35.076+06:00  INFO 8236 --- [StudentMS] [  restartedMain] .s.b.d.c.l.DockerComposeLifecycleManager : Using Docker Compose file E:\3-2\SWE\lab\StudentMS\compose.yaml
2026-01-24T23:49:35.860+06:00  INFO 8236 --- [StudentMS] [  restartedMain] .s.b.d.c.l.DockerComposeLifecycleManager : There are already Docker Compose services running, skipping startup
2026-01-24T23:49:36.500+06:00  INFO 8236 --- [StudentMS] [  restartedMain] .s.d.r.c.RepositoryConfigurationDelegate : Bootstrapping Spring Data JPA repositories in DEFAULT mode.
2026-01-24T23:49:36.558+06:00  INFO 8236 --- [StudentMS] [  restartedMain] .s.d.r.c.RepositoryConfigurationDelegate : Finished Spring Data repository scanning in 48 ms. Found 5 JPA repository interfaces.
2026-01-24T23:49:37.138+06:00  INFO 8236 --- [StudentMS] [  restartedMain] o.s.boot.tomcat.TomcatWebServer          : Tomcat initialized with port 8083 (http)
2026-01-24T23:49:37.148+06:00  INFO 8236 --- [StudentMS] [  restartedMain] o.apache.catalina.core.StandardService   : Starting service [Tomcat]
2026-01-24T23:49:37.148+06:00  INFO 8236 --- [StudentMS] [  restartedMain] o.apache.catalina.core.StandardEngine    : Starting Servlet engine: [Apache Tomcat/11.0.15]
2026-01-24T23:49:37.185+06:00  INFO 8236 --- [StudentMS] [  restartedMain] b.w.c.s.WebApplicationContextInitializer : Root WebApplicationContext: initialization completed in 1316 ms
2026-01-24T23:49:37.531+06:00  INFO 8236 --- [StudentMS] [  restartedMain] liquibase.database                       : Set default schema name to public
2026-01-24T23:49:37.856+06:00  INFO 8236 --- [StudentMS] [  restartedMain] liquibase.changelog                      : Reading from public.databasechangelog
2026-01-24T23:49:37.960+06:00  INFO 8236 --- [StudentMS] [  restartedMain] liquibase.ui                             : Database is up to date, no changesets to execute
2026-01-24T23:49:37.962+06:00  INFO 8236 --- [StudentMS] [  restartedMain] liquibase.changelog                      : Reading from public.databasechangelog
2026-01-24T23:49:37.971+06:00  INFO 8236 --- [StudentMS] [  restartedMain] liquibase.util                           : UPDATE SUMMARY
2026-01-24T23:49:37.971+06:00  INFO 8236 --- [StudentMS] [  restartedMain] liquibase.util                           : Run:                          0
2026-01-24T23:49:37.971+06:00  INFO 8236 --- [StudentMS] [  restartedMain] liquibase.util                           : Previously run:               8
2026-01-24T23:49:37.971+06:00  INFO 8236 --- [StudentMS] [  restartedMain] liquibase.util                           : Filtered out:                 0
2026-01-24T23:49:37.971+06:00  INFO 8236 --- [StudentMS] [  restartedMain] liquibase.util                           : -------------------------------
2026-01-24T23:49:37.972+06:00  INFO 8236 --- [StudentMS] [  restartedMain] liquibase.util                           : Total change sets:            8
2026-01-24T23:49:37.972+06:00  INFO 8236 --- [StudentMS] [  restartedMain] liquibase.util                           : Update summary generated
2026-01-24T23:49:37.973+06:00  INFO 8236 --- [StudentMS] [  restartedMain] liquibase.command                        : Command execution complete
2026-01-24T23:49:39.840+06:00  INFO 8236 --- [StudentMS] [  restartedMain] org.hibernate.orm.jpa                    : HHH008540: Processing PersistenceUnitInfo [name: default]
2026-01-24T23:49:39.872+06:00  INFO 8236 --- [StudentMS] [  restartedMain] org.hibernate.orm.core                   : HHH000001: Hibernate ORM core version 7.2.1.Final
2026-01-24T23:49:40.249+06:00  INFO 8236 --- [StudentMS] [  restartedMain] o.s.o.j.p.SpringPersistenceUnitInfo      : No LoadTimeWeaver setup: ignoring JPA class transformer
2026-01-24T23:49:40.276+06:00  INFO 8236 --- [StudentMS] [  restartedMain] com.zaxxer.hikari.HikariDataSource       : HikariPool-1 - Starting...
2026-01-24T23:49:40.322+06:00  INFO 8236 --- [StudentMS] [  restartedMain] com.zaxxer.hikari.pool.HikariPool        : HikariPool-1 - Added connection org.postgresql.jdbc.PgConnection@4b45b09
2026-01-24T23:49:40.324+06:00  INFO 8236 --- [StudentMS] [  restartedMain] com.zaxxer.hikari.HikariDataSource       : HikariPool-1 - Start completed.
2026-01-24T23:49:40.342+06:00  WARN 8236 --- [StudentMS] [  restartedMain] org.hibernate.orm.deprecation            : HHH90000025: PostgreSQLDialect does not need to be specified explicitly using 'hibernate.dialect' (remove the property setting and it will be selected by default)
2026-01-24T23:49:40.367+06:00  INFO 8236 --- [StudentMS] [  restartedMain] org.hibernate.orm.connections.pooling    : HHH10001005: Database info:
	Database JDBC URL [jdbc:postgresql://127.0.0.1:5432/studentms?ApplicationName=StudentMS]
	Database driver: PostgreSQL JDBC Driver
	Database dialect: PostgreSQLDialect
	Database version: 16.11
	Default catalog/schema: studentms/public
	Autocommit mode: undefined/unknown
	Isolation level: READ_COMMITTED [default READ_COMMITTED]
	JDBC fetch size: none
	Pool: DataSourceConnectionProvider
	Minimum pool size: undefined/unknown
	Maximum pool size: undefined/unknown
2026-01-24T23:49:41.331+06:00  INFO 8236 --- [StudentMS] [  restartedMain] org.hibernate.orm.core                   : HHH000489: No JTA platform available (set 'hibernate.transaction.jta.platform' to enable JTA platform integration)
2026-01-24T23:49:41.341+06:00  INFO 8236 --- [StudentMS] [  restartedMain] j.LocalContainerEntityManagerFactoryBean : Initialized JPA EntityManagerFactory for persistence unit 'default'
2026-01-24T23:49:41.410+06:00  INFO 8236 --- [StudentMS] [  restartedMain] o.s.d.j.r.query.QueryEnhancerFactories   : Hibernate is in classpath; If applicable, HQL parser will be used.
2026-01-24T23:49:41.745+06:00  INFO 8236 --- [StudentMS] [  restartedMain] r$InitializeUserDetailsManagerConfigurer : Global AuthenticationManager configured with UserDetailsService bean with name customUserDetailsService
2026-01-24T23:49:41.797+06:00  WARN 8236 --- [StudentMS] [  restartedMain] JpaBaseConfiguration$JpaWebConfiguration : spring.jpa.open-in-view is enabled by default. Therefore, database queries may be performed during view rendering. Explicitly configure spring.jpa.open-in-view to disable this warning
2026-01-24T23:49:42.214+06:00  WARN 8236 --- [StudentMS] [  restartedMain] ion$DefaultTemplateResolverConfiguration : Cannot find template location: classpath:/templates/ (please add some templates, check your Thymeleaf configuration, or set spring.thymeleaf.check-template-location=false)
2026-01-24T23:49:42.349+06:00  WARN 8236 --- [StudentMS] [  restartedMain] ConfigServletWebServerApplicationContext : Exception encountered during context initialization - cancelling refresh attempt: org.springframework.context.ApplicationContextException: Failed to start bean 'webServerStartStop'
2026-01-24T23:49:42.349+06:00  INFO 8236 --- [StudentMS] [  restartedMain] j.LocalContainerEntityManagerFactoryBean : Closing JPA EntityManagerFactory for persistence unit 'default'
2026-01-24T23:49:42.349+06:00  INFO 8236 --- [StudentMS] [  restartedMain] com.zaxxer.hikari.HikariDataSource       : HikariPool-1 - Shutdown initiated...
2026-01-24T23:49:42.349+06:00  INFO 8236 --- [StudentMS] [  restartedMain] com.zaxxer.hikari.HikariDataSource       : HikariPool-1 - Shutdown completed.
2026-01-24T23:49:42.368+06:00  INFO 8236 --- [StudentMS] [  restartedMain] .s.b.a.l.ConditionEvaluationReportLogger : 

Error starting ApplicationContext. To display the condition evaluation report re-run your application with 'debug' enabled.
2026-01-24T23:49:42.380+06:00 ERROR 8236 --- [StudentMS] [  restartedMain] o.s.b.d.LoggingFailureAnalysisReporter   : 

***************************
APPLICATION FAILED TO START
***************************

Description:

Web server failed to start. Port 8083 was already in use.

Action:

Identify and stop the process that's listening on port 8083 or configure this application to listen on another port.

[INFO] ------------------------------------------------------------------------
[INFO] BUILD SUCCESS
[INFO] ------------------------------------------------------------------------
[INFO] Total time:  10.600 s
[INFO] Finished at: 2026-01-24T23:49:42+06:00
[INFO] ------------------------------------------------------------------------
